\BOOKMARK [0][-]{chapter*.1}{\376\377\000A\000c\000k\000n\000o\000w\000l\000e\000d\000g\000m\000e\000n\000t}{}% 1
\BOOKMARK [0][-]{chapter*.2}{\376\377\000R\000e\000s\000u\000m\000o}{}% 2
\BOOKMARK [0][-]{chapter*.3}{\376\377\000A\000b\000s\000t\000r\000a\000c\000t}{}% 3
\BOOKMARK [0][-]{chapter*.3}{\376\377\000L\000i\000s\000t\000\040\000o\000f\000\040\000F\000i\000g\000u\000r\000e\000s}{}% 4
\BOOKMARK [0][-]{chapter*.3}{\376\377\000L\000i\000s\000t\000\040\000o\000f\000\040\000T\000a\000b\000l\000e\000s}{}% 5
\BOOKMARK [0][-]{chapter*.6}{\376\377\000L\000i\000s\000t\000\040\000o\000f\000\040\000A\000c\000r\000o\000n\000y\000m\000s}{}% 6
\BOOKMARK [0][-]{chapter.1}{\376\377\000C\000h\000a\000p\000t\000e\000r\000\040\0001\000.\000\040\000I\000n\000t\000r\000o\000d\000u\000c\000t\000i\000o\000n}{}% 7
\BOOKMARK [1][-]{section.1.1}{\376\377\0001\000.\0001\000.\000\040\000P\000r\000o\000b\000l\000e\000m\000\040\000S\000t\000a\000t\000e\000m\000e\000n\000t}{chapter.1}% 8
\BOOKMARK [1][-]{section.1.2}{\376\377\0001\000.\0002\000.\000\040\000R\000e\000s\000e\000a\000r\000c\000h\000\040\000O\000b\000j\000e\000c\000t\000i\000v\000e\000s}{chapter.1}% 9
\BOOKMARK [1][-]{section.1.3}{\376\377\0001\000.\0003\000.\000\040\000R\000e\000s\000e\000a\000r\000c\000h\000\040\000M\000e\000t\000h\000o\000d\000o\000l\000o\000g\000y}{chapter.1}% 10
\BOOKMARK [1][-]{section.1.4}{\376\377\0001\000.\0004\000.\000\040\000C\000o\000n\000t\000r\000i\000b\000u\000t\000i\000o\000n\000s}{chapter.1}% 11
\BOOKMARK [1][-]{section.1.5}{\376\377\0001\000.\0005\000.\000\040\000D\000o\000c\000u\000m\000e\000n\000t\000\040\000S\000t\000r\000u\000c\000t\000u\000r\000e}{chapter.1}% 12
\BOOKMARK [0][-]{chapter.2}{\376\377\000C\000h\000a\000p\000t\000e\000r\000\040\0002\000.\000\040\000S\000t\000a\000t\000e\000\040\000o\000f\000\040\000t\000h\000e\000\040\000A\000r\000t}{}% 13
\BOOKMARK [1][-]{section.2.1}{\376\377\0002\000.\0001\000.\000\040\000S\000y\000s\000t\000e\000m\000a\000t\000i\000c\000\040\000L\000i\000t\000e\000r\000a\000t\000u\000r\000e\000\040\000R\000e\000v\000i\000e\000w\000\040\000M\000e\000t\000h\000o\000d\000o\000l\000o\000g\000y}{chapter.2}% 14
\BOOKMARK [2][-]{subsection.2.1.1}{\376\377\0002\000.\0001\000.\0001\000.\000\040\000R\000e\000s\000e\000a\000r\000c\000h\000\040\000Q\000u\000e\000s\000t\000i\000o\000n}{section.2.1}% 15
\BOOKMARK [2][-]{subsection.2.1.2}{\376\377\0002\000.\0001\000.\0002\000.\000\040\000S\000e\000a\000r\000c\000h\000\040\000S\000t\000r\000a\000t\000e\000g\000y}{section.2.1}% 16
\BOOKMARK [2][-]{subsection.2.1.3}{\376\377\0002\000.\0001\000.\0003\000.\000\040\000S\000e\000l\000e\000c\000t\000i\000o\000n\000\040\000P\000r\000o\000c\000e\000s\000s}{section.2.1}% 17
\BOOKMARK [2][-]{subsection.2.1.4}{\376\377\0002\000.\0001\000.\0004\000.\000\040\000C\000l\000a\000s\000s\000i\000f\000i\000c\000a\000t\000i\000o\000n\000\040\000T\000a\000x\000o\000n\000o\000m\000y}{section.2.1}% 18
\BOOKMARK [1][-]{section.2.2}{\376\377\0002\000.\0002\000.\000\040\000D\000i\000g\000i\000t\000a\000l\000\040\000T\000w\000i\000n\000s}{chapter.2}% 19
\BOOKMARK [2][-]{subsection.2.2.1}{\376\377\0002\000.\0002\000.\0001\000.\000\040\000D\000e\000f\000i\000n\000i\000t\000i\000o\000n\000\040\000a\000n\000d\000\040\000E\000v\000o\000l\000u\000t\000i\000o\000n}{section.2.2}% 20
\BOOKMARK [2][-]{subsection.2.2.2}{\376\377\0002\000.\0002\000.\0002\000.\000\040\000D\000i\000g\000i\000t\000a\000l\000\040\000T\000w\000i\000n\000s\000\040\000i\000n\000\040\000t\000h\000e\000\040\000C\000o\000n\000s\000u\000m\000e\000r\000\040\000D\000o\000m\000a\000i\000n}{section.2.2}% 21
\BOOKMARK [2][-]{subsection.2.2.3}{\376\377\0002\000.\0002\000.\0003\000.\000\040\000D\000i\000g\000i\000t\000a\000l\000\040\000T\000w\000i\000n\000\040\000P\000l\000a\000t\000f\000o\000r\000m\000s\000\040\000a\000n\000d\000\040\000t\000h\000e\000\040\000W\000e\000b\000\040\000o\000f\000\040\000T\000h\000i\000n\000g\000s}{section.2.2}% 22
\BOOKMARK [2][-]{subsection.2.2.4}{\376\377\0002\000.\0002\000.\0004\000.\000\040\000E\000d\000g\000e\000\040\000D\000i\000g\000i\000t\000a\000l\000\040\000T\000w\000i\000n\000s}{section.2.2}% 23
\BOOKMARK [1][-]{section.2.3}{\376\377\0002\000.\0003\000.\000\040\000S\000e\000l\000f\000-\000S\000o\000v\000e\000r\000e\000i\000g\000n\000\040\000I\000d\000e\000n\000t\000i\000t\000y}{chapter.2}% 24
\BOOKMARK [2][-]{subsection.2.3.1}{\376\377\0002\000.\0003\000.\0001\000.\000\040\000E\000v\000o\000l\000u\000t\000i\000o\000n\000\040\000o\000f\000\040\000D\000i\000g\000i\000t\000a\000l\000\040\000I\000d\000e\000n\000t\000i\000t\000y}{section.2.3}% 25
\BOOKMARK [2][-]{subsection.2.3.2}{\376\377\0002\000.\0003\000.\0002\000.\000\040\000D\000e\000c\000e\000n\000t\000r\000a\000l\000i\000z\000e\000d\000\040\000I\000d\000e\000n\000t\000i\000f\000i\000e\000r\000s}{section.2.3}% 26
\BOOKMARK [2][-]{subsection.2.3.3}{\376\377\0002\000.\0003\000.\0003\000.\000\040\000V\000e\000r\000i\000f\000i\000a\000b\000l\000e\000\040\000C\000r\000e\000d\000e\000n\000t\000i\000a\000l\000s}{section.2.3}% 27
\BOOKMARK [2][-]{subsection.2.3.4}{\376\377\0002\000.\0003\000.\0004\000.\000\040\000D\000I\000D\000C\000o\000m\000m}{section.2.3}% 28
\BOOKMARK [2][-]{subsection.2.3.5}{\376\377\0002\000.\0003\000.\0005\000.\000\040\000H\000y\000p\000e\000r\000l\000e\000d\000g\000e\000r\000\040\000I\000n\000d\000y\000\040\000a\000n\000d\000\040\000A\000r\000i\000e\000s}{section.2.3}% 29
\BOOKMARK [2][-]{subsection.2.3.6}{\376\377\0002\000.\0003\000.\0006\000.\000\040\000S\000e\000l\000f\000-\000S\000o\000v\000e\000r\000e\000i\000g\000n\000\040\000I\000d\000e\000n\000t\000i\000t\000y\000\040\000f\000o\000r\000\040\000I\000o\000T}{section.2.3}% 30
\BOOKMARK [1][-]{section.2.4}{\376\377\0002\000.\0004\000.\000\040\000B\000l\000o\000c\000k\000c\000h\000a\000i\000n\000\040\000f\000o\000r\000\040\000I\000o\000T}{chapter.2}% 31
\BOOKMARK [2][-]{subsection.2.4.1}{\376\377\0002\000.\0004\000.\0001\000.\000\040\000B\000l\000o\000c\000k\000c\000h\000a\000i\000n\000\040\000F\000u\000n\000d\000a\000m\000e\000n\000t\000a\000l\000s}{section.2.4}% 32
\BOOKMARK [2][-]{subsection.2.4.2}{\376\377\0002\000.\0004\000.\0002\000.\000\040\000H\000y\000p\000e\000r\000l\000e\000d\000g\000e\000r\000\040\000F\000a\000b\000r\000i\000c}{section.2.4}% 33
\BOOKMARK [2][-]{subsection.2.4.3}{\376\377\0002\000.\0004\000.\0003\000.\000\040\000I\000n\000t\000e\000r\000P\000l\000a\000n\000e\000t\000a\000r\000y\000\040\000F\000i\000l\000e\000\040\000S\000y\000s\000t\000e\000m}{section.2.4}% 34
\BOOKMARK [1][-]{section.2.5}{\376\377\0002\000.\0005\000.\000\040\000P\000e\000r\000s\000o\000n\000a\000l\000\040\000D\000a\000t\000a\000\040\000E\000c\000o\000s\000y\000s\000t\000e\000m\000\040\000a\000n\000d\000\040\000D\000a\000t\000a\000\040\000S\000o\000v\000e\000r\000e\000i\000g\000n\000t\000y}{chapter.2}% 35
\BOOKMARK [2][-]{subsection.2.5.1}{\376\377\0002\000.\0005\000.\0001\000.\000\040\000T\000h\000e\000\040\000P\000e\000r\000s\000o\000n\000a\000l\000\040\000D\000a\000t\000a\000\040\000E\000c\000o\000s\000y\000s\000t\000e\000m}{section.2.5}% 36
\BOOKMARK [2][-]{subsection.2.5.2}{\376\377\0002\000.\0005\000.\0002\000.\000\040\000D\000a\000t\000a\000\040\000P\000r\000o\000p\000e\000r\000t\000y\000\040\000R\000i\000g\000h\000t\000s\000\040\000a\000n\000d\000\040\000R\000e\000g\000u\000l\000a\000t\000i\000o\000n}{section.2.5}% 37
\BOOKMARK [2][-]{subsection.2.5.3}{\376\377\0002\000.\0005\000.\0003\000.\000\040\000I\000n\000t\000e\000r\000n\000a\000t\000i\000o\000n\000a\000l\000\040\000D\000a\000t\000a\000\040\000S\000p\000a\000c\000e\000s\000\040\000a\000n\000d\000\040\000G\000A\000I\000A\000-\000X}{section.2.5}% 38
\BOOKMARK [1][-]{section.2.6}{\376\377\0002\000.\0006\000.\000\040\000R\000e\000l\000a\000t\000e\000d\000\040\000W\000o\000r\000k}{chapter.2}% 39
\BOOKMARK [2][-]{subsection.2.6.1}{\376\377\0002\000.\0006\000.\0001\000.\000\040\000A\000n\000a\000l\000y\000s\000i\000s\000\040\000o\000f\000\040\000R\000e\000l\000a\000t\000e\000d\000\040\000W\000o\000r\000k}{section.2.6}% 40
\BOOKMARK [2][-]{subsection.2.6.2}{\376\377\0002\000.\0006\000.\0002\000.\000\040\000S\000u\000m\000m\000a\000r\000y\000\040\000o\000f\000\040\000F\000i\000n\000d\000i\000n\000g\000s}{section.2.6}% 41
\BOOKMARK [1][-]{section.2.7}{\376\377\0002\000.\0007\000.\000\040\000R\000e\000s\000e\000a\000r\000c\000h\000\040\000G\000a\000p\000s\000\040\000a\000n\000d\000\040\000P\000o\000s\000i\000t\000i\000o\000n\000i\000n\000g}{chapter.2}% 42
\BOOKMARK [0][-]{chapter*.28}{\376\377\000R\000e\000f\000e\000r\000e\000n\000c\000e\000s}{}% 43
